<area shape="rect" href="$binop_8hh.html" title="Define all LTL node types." alt="" coords="214,154,294,178">
<area shape="rect" href="$unop_8hh.html" title="Define all LTL node types." alt="" coords="217,106,292,130">
<area shape="rect" href="$multop_8hh.html" title="Define all LTL node types." alt="" coords="210,58,298,82">
<area shape="rect" href="$atomic__prop_8hh.html" title="Define all LTL node types." alt="" coords="193,202,316,226">
<area shape="rect" href="$constant_8hh.html" title="Define all LTL node types." alt="" coords="205,10,304,34">
<area shape="rect" href="$refformula_8hh.html" title="LTL binary operators." alt="" coords="394,154,504,178">
<area shape="rect" href="$formula_8hh.html" title="Reference&#45;counted LTL formulae." alt="" coords="581,177,674,201">
<area shape="rect" href="$predecl_8hh.html" title="LTL formula interface." alt="" coords="724,141,814,165">
<area shape="rect" href="$environment_8hh.html" title="LTL atomic propositions." alt="" coords="365,250,533,274">
