<area shape="rect" href="$allnodes_8hh.html" title="LTL atomic propositions." alt="" coords="225,8,358,32">
<area shape="rect" href="$declenv_8hh.html" title="LTL atomic propositions." alt="" coords="225,56,358,80">
<area shape="rect" href="$rodeco_8hh.html" title="LTL atomic propositions." alt="" coords="228,104,356,128">
<area shape="rect" href="$apcollect_8hh.html" title="LTL atomic propositions." alt="" coords="218,152,365,176">
<area shape="rect" href="$gspn_8hh.html" title="gspn/gspn.hh" alt="" coords="460,8,569,32">
<area shape="rect" href="$ssp_8hh.html" title="gspn/ssp.hh" alt="" coords="465,56,564,80">
<area shape="rect" href="$ltl2tgba__fm_8hh.html" title="tgbaalgos/ltl2tgba_fm.hh" alt="" coords="421,104,608,128">
<area shape="rect" href="$randomltl_8hh.html" title="ltlvisit/randomltl.hh" alt="" coords="440,152,589,176">
<area shape="rect" href="$randomgraph_8hh.html" title="tgbaalgos/randomgraph.hh" alt="" coords="414,200,614,224">
<area shape="rect" href="$contain_8hh.html" title="ltlvisit/contain.hh" alt="" coords="664,104,800,128">
