<area shape="rect" href="$bdddict_8hh.html" title="tgba/bdddict.hh" alt="" coords="190,155,316,179">
<area shape="rect" href="$tgba_8hh.html" title="tgba/tgba.hh" alt="" coords="642,450,749,474">
<area shape="rect" href="$bddprint_8hh.html" title="tgba/bddprint.hh" alt="" coords="393,70,526,94">
<area shape="rect" href="$formula2bdd_8hh.html" title="tgba/formula2bdd.hh" alt="" coords="380,229,540,253">
<area shape="rect" href="$tgbabddcoredata_8hh.html" title="tgba/tgbabddcoredata.hh" alt="" coords="365,130,554,154">
<area shape="rect" href="$tgbaexplicit_8hh.html" title="tgba/tgbaexplicit.hh" alt="" coords="877,354,1032,378">
<area shape="rect" href="$tgba_2public_8hh.html" title="tgba/public.hh" alt="" coords="1454,131,1572,155">
<area shape="rect" href="$tgbabddconcrete_8hh.html" title="tgba/tgbabddconcrete.hh" alt="" coords="860,154,1049,178">
<area shape="rect" href="$tgbaproduct_8hh.html" title="tgba/tgbaproduct.hh" alt="" coords="876,546,1033,570">
<area shape="rect" href="$tgbaalgos_2reachiter_8hh.html" title="tgbaalgos/reachiter.hh" alt="" coords="870,306,1038,330">
<area shape="rect" href="$tgbatba_8hh.html" title="tgba/tgbatba.hh" alt="" coords="890,594,1018,618">
<area shape="rect" href="$status_8hh.html" title="tgbaalgos/gtec/status.hh" alt="" coords="862,693,1046,717">
<area shape="rect" href="$ssp_8hh.html" title="gspn/ssp.hh" alt="" coords="1464,693,1562,717">
<area shape="rect" href="$lbtt_8hh.html" title="tgbaalgos/lbtt.hh" alt="" coords="888,741,1021,765">
<area shape="rect" href="$tgbaalgos_2save_8hh.html" title="tgbaalgos/save.hh" alt="" coords="884,402,1025,426">
<area shape="rect" href="$stats_8hh.html" title="tgbaalgos/stats.hh" alt="" coords="882,450,1026,474">
<area shape="rect" href="$gspn_8hh.html" title="gspn/gspn.hh" alt="" coords="900,498,1009,522">
<area shape="rect" href="$ltl2tgba__fm_8hh.html" title="tgbaalgos/ltl2tgba_fm.hh" alt="" coords="1146,522,1333,546">
<area shape="rect" href="$tgbareduc_8hh.html" title="tgba/tgbareduc.hh" alt="" coords="1168,330,1312,354">
<area shape="rect" href="$dupexp_8hh.html" title="tgbaalgos/dupexp.hh" alt="" coords="1160,378,1320,402">
<area shape="rect" href="$powerset_8hh.html" title="tgbaalgos/powerset.hh" alt="" coords="1154,426,1325,450">
<area shape="rect" href="$tgbaparse_2public_8hh.html" title="tgbaparse/public.hh" alt="" coords="1164,474,1316,498">
<area shape="rect" href="$contain_8hh.html" title="ltlvisit/contain.hh" alt="" coords="1445,522,1581,546">
<area shape="rect" href="$reductgba__sim_8hh.html" title="tgbaalgos/reductgba_sim.hh" alt="" coords="1409,306,1617,330">
<area shape="rect" href="$tgbabddconcreteproduct_8hh.html" title="tgba/tgbabddconcreteproduct.hh" alt="" coords="1120,82,1360,106">
<area shape="rect" href="$ltl2tgba__lacim_8hh.html" title="tgbaalgos/ltl2tgba_lacim.hh" alt="" coords="1137,130,1342,154">
<area shape="rect" href="$neverclaim_8hh.html" title="tgbaalgos/neverclaim.hh" alt="" coords="1148,594,1332,618">
<area shape="rect" href="$ce_8hh.html" title="tgbaalgos/gtec/ce.hh" alt="" coords="1160,741,1320,765">
<area shape="rect" href="$gtec_8hh.html" title="tgbaalgos/gtec/gtec.hh" alt="" coords="1153,693,1326,717">
<area shape="rect" href="$tgbabddfactory_8hh.html" title="tgba/tgbabddfactory.hh" alt="" coords="608,106,784,130">
<area shape="rect" href="$succiterconcrete_8hh.html" title="tgba/succiterconcrete.hh" alt="" coords="602,154,789,178">
<area shape="rect" href="$tgbabddconcretefactory_8hh.html" title="tgba/tgbabddconcretefactory.hh" alt="" coords="838,106,1070,130">
