<area shape="rect" href="$status_8hh.html" title="status.hh" alt="" coords="216,194,298,218">
<area shape="rect" href="$emptiness_8hh.html" title="tgbaalgos/emptiness.hh" alt="" coords="348,572,526,596">
<area shape="rect" href="$emptiness__stats_8hh.html" title="emptiness_stats.hh" alt="" coords="576,418,725,442">
<area shape="rect" href="$sccstack_8hh.html" title="sccstack.hh" alt="" coords="601,48,700,72">
<area shape="rect" href="$nsheap_8hh.html" title="nsheap.hh" alt="" coords="605,96,696,120">
<area shape="rect" href="$tgba_8hh.html" title="tgba/tgba.hh" alt="" coords="384,194,490,218">
<area shape="rect" href="$state_8hh.html" title="tgba/state.hh" alt="" coords="785,96,894,120">
<area shape="rect" href="$hash_8hh.html" title="misc/hash.hh" alt="" coords="785,293,894,317">
<area shape="rect" href="$hashfunc_8hh.html" title="hashfunc.hh" alt="" coords="956,202,1057,226">
<area shape="rect" href="$succiter_8hh.html" title="succiter.hh" alt="" coords="604,194,697,218">
<area shape="rect" href="$bdddict_8hh.html" title="bdddict.hh" alt="" coords="605,548,696,572">
<area shape="rect" href="$formula_8hh.html" title="ltlast/formula.hh" alt="" coords="774,392,905,416">
<area shape="rect" href="$bddalloc_8hh.html" title="misc/bddalloc.hh" alt="" coords="773,592,906,616">
<area shape="rect" href="$predecl_8hh.html" title="LTL formula interface." alt="" coords="961,442,1052,466">
<area shape="rect" href="$freelist_8hh.html" title="freelist.hh" alt="" coords="962,642,1050,666">
<area shape="rect" href="$optionmap_8hh.html" title="misc/optionmap.hh" alt="" coords="577,606,724,630">
<area shape="rect" href="$ltstr_8hh.html" title="misc/ltstr.hh" alt="" coords="789,245,890,269">
