<area shape="rect" href="$classspot_1_1tgba__explicit__succ__iterator.html" title="{spot::tgba_explicit_succ_iterator\n|&#45; s_\l&#45; i_\l&#45; all_acceptance_conditions_\l|+ tgba_explicit_succ_iterator()\l+ ~tgba_explicit_succ_iterator()\l+ first()\l+ next()\l+ done()\l+ current_state()\l+ current_condition()\l+ current_acceptance_conditions()\l}" alt="" coords="8,361,258,569">
<area shape="rect" href="$classspot_1_1tgba__succ__iterator__concrete.html" title="{spot::tgba_succ_iterator_concrete\n|&#45; data_\l&#45; succ_set_\l&#45; succ_set_left_\l&#45; current_\l&#45; current_state_\l&#45; current_acc_\l|+ tgba_succ_iterator_concrete()\l+ ~tgba_succ_iterator_concrete()\l+ first()\l+ next()\l+ done()\l+ current_state()\l+ current_condition()\l+ current_acceptance_conditions()\l}" alt="" coords="282,339,533,590">
<area shape="rect" href="$classspot_1_1tgba__succ__iterator__product.html" title="Iterate over the successors of a product computed on the fly." alt="" coords="557,310,808,619">
