<area shape="rect" href="$classspot_1_1tgba__explicit.html" title="{spot::tgba_explicit\n|# name_state_map_\l# state_name_map_\l# dict_\l# init_\l# all_acceptance_conditions_\l# neg_acceptance_conditions_\l# all_acceptance_conditions_computed_\l|+ tgba_explicit()\l+ set_init_state()\l+ create_transition()\l+ create_transition()\l+ add_condition()\l+ add_conditions()\l+ declare_acceptance_condition()\l+ copy_acceptance_conditions_of()\l+ has_acceptance_condition()\l+ add_acceptance_condition()\l+ add_acceptance_conditions()\l+ complement_all_acceptance_conditions()\l+ merge_transitions()\l+ add_state()\l+ ~tgba_explicit()\l+ get_init_state()\l+ succ_iter()\l+ get_dict()\l+ format_state()\l+ all_acceptance_conditions()\l+ neg_acceptance_conditions()\l# compute_support_conditions()\l# compute_support_variables()\l# get_acceptance_condition()\l&#45; tgba_explicit()\l&#45; operator=()\l}" alt="" coords="8,397,317,927">
<area shape="rect" href="$classspot_1_1tgba.html" title="A Transition&#45;based Generalized Büchi Automaton." alt="" coords="25,9,300,347">
<area shape="rect" href="$classspot_1_1tgba__reachable__iterator__breadth__first.html" title="An implementation of spot::tgba_reachable_iterator that browses states breadth first..." alt="" coords="341,610,648,714">
<area shape="rect" href="$classspot_1_1tgba__reachable__iterator.html" title="Iterate over all reachable states of a spot::tgba." alt="" coords="386,59,602,297">
