<area shape="rect" href="$classspot_1_1tgba__bdd__concrete.html" title="A concrete spot::tgba implemented using BDDs." alt="" coords="7,507,245,817">
<area shape="rect" href="$classspot_1_1tgba__explicit.html" title="{spot::tgba_explicit\n|# name_state_map_\l# state_name_map_\l# dict_\l# init_\l# all_acceptance_conditions_\l# neg_acceptance_conditions_\l# all_acceptance_conditions_computed_\l|+ tgba_explicit()\l+ set_init_state()\l+ create_transition()\l+ create_transition()\l+ add_condition()\l+ add_conditions()\l+ declare_acceptance_condition()\l+ copy_acceptance_conditions_of()\l+ has_acceptance_condition()\l+ add_acceptance_condition()\l+ add_acceptance_conditions()\l+ complement_all_acceptance_conditions()\l+ merge_transitions()\l+ add_state()\l+ ~tgba_explicit()\l+ get_init_state()\l+ succ_iter()\l+ get_dict()\l+ format_state()\l+ all_acceptance_conditions()\l+ neg_acceptance_conditions()\l# compute_support_conditions()\l# compute_support_variables()\l# get_acceptance_condition()\l&#45; tgba_explicit()\l&#45; operator=()\l}" alt="" coords="269,397,578,927">
<area shape="rect" href="$classspot_1_1tgba__product.html" title="A lazy product. (States are computed on the fly.)." alt="" coords="602,478,839,846">
<area shape="rect" href="$classspot_1_1tgba__tba__proxy.html" title="Degeneralize a spot::tgba on the fly, producing a TBA." alt="" coords="863,514,1101,810">
<area shape="rect" href="$classspot_1_1tgba__reduc.html" title="{spot::tgba_reduc\n|# scc_computed_\l# root_\l# h_\l# state_scc_\l# state_scc_v_\l# state_predecessor_map_\l# si_\l# seen_\l# acc_\l|+ tgba_reduc()\l+ ~tgba_reduc()\l+ quotient_state()\l+ quotient_state()\l+ delete_transitions()\l+ prune_scc()\l+ prune_acc()\l+ compute_scc()\l+ format_state()\l+ display_rel_sim()\l+ display_scc()\l# start()\l# end()\l# process_state()\l# process_link()\l# create_transition()\l# redirect_transition()\l# remove_predecessor_state()\l# remove_state()\l# merge_state()\l# merge_state_delayed()\l# delete_scc()\l# is_terminal()\l# is_not_accepting()\l# remove_acc()\l# remove_scc()\l# remove_component()\l# nb_set_acc_cond()\l}" alt="" coords="311,975,535,1565">
<area shape="rect" href="$classspot_1_1tgba__sba__proxy.html" title="Degeneralize a spot::tgba on the fly, producing an SBA." alt="" coords="898,1225,1066,1315">
