<area shape="rect" href="$classspot_1_1tgba__reachable__iterator__breadth__first.html" title="An implementation of spot::tgba_reachable_iterator that browses states breadth first..." alt="" coords="244,294,550,398">
<area shape="rect" href="$classspot_1_1tgba__reachable__iterator__depth__first.html" title="An implementation of spot::tgba_reachable_iterator that browses states depth first..." alt="" coords="574,294,868,398">
<area shape="rect" href="$classspot_1_1parity__game__graph.html" title="Parity game graph which compute a simulation relation." alt="" coords="189,617,376,867">
<area shape="rect" href="$classspot_1_1tgba__reduc.html" title="{spot::tgba_reduc\n|# scc_computed_\l# root_\l# h_\l# state_scc_\l# state_scc_v_\l# state_predecessor_map_\l# si_\l# seen_\l# acc_\l|+ tgba_reduc()\l+ ~tgba_reduc()\l+ quotient_state()\l+ quotient_state()\l+ delete_transitions()\l+ prune_scc()\l+ prune_acc()\l+ compute_scc()\l+ format_state()\l+ display_rel_sim()\l+ display_scc()\l# start()\l# end()\l# process_state()\l# process_link()\l# create_transition()\l# redirect_transition()\l# remove_predecessor_state()\l# remove_state()\l# merge_state()\l# merge_state_delayed()\l# delete_scc()\l# is_terminal()\l# is_not_accepting()\l# remove_acc()\l# remove_scc()\l# remove_component()\l# nb_set_acc_cond()\l}" alt="" coords="400,447,624,1037">
<area shape="rect" href="$classspot_1_1parity__game__graph__delayed.html" title="{spot::parity_game_graph_delayed\n|&#45; sub_set_acc_cond_\l|+ parity_game_graph_delayed()\l+ ~parity_game_graph_delayed()\l+ get_relation()\l&#45; nb_set_acc_cond()\l&#45; add_duplicator_node_delayed()\l&#45; add_spoiler_node_delayed()\l&#45; build_recurse_successor_spoiler()\l&#45; build_recurse_successor_duplicator()\l&#45; build_graph()\l&#45; lift()\l}" alt="" coords="8,1085,282,1293">
<area shape="rect" href="$classspot_1_1parity__game__graph__direct.html" title="Parity game graph which compute the direct simulation relation." alt="" coords="306,1114,536,1263">
