<area shape="rect" href="$classspot_1_1tgba.html" title="A Transition&#45;based Generalized Büchi Automaton." alt="" coords="8,599,282,938">
<area shape="rect" href="$classspot_1_1state.html" title="Abstract class for states." alt="" coords="93,275,197,395">
<area shape="rect" href="$classspot_1_1bdd__dict.html" title="{spot::bdd_dict\n|+ now_map\l+ now_formula_map\l+ var_map\l+ var_formula_map\l+ acc_map\l+ acc_formula_map\l+ clone_counts\l+ next_to_now\l+ now_to_next\l# var_refs\l# free_anonymous_list_of\l|+ bdd_dict()\l+ ~bdd_dict()\l+ register_proposition()\l+ register_propositions()\l+ register_state()\l+ register_acceptance_variable()\l+ register_clone_acc()\l+ register_acceptance_variables()\l+ register_anonymous_variables()\l+ register_all_variables_of()\l+ unregister_all_my_variables()\l+ unregister_variable()\l+ dump()\l+ assert_emptiness()\l+ is_registered_proposition()\l+ is_registered_state()\l+ is_registered_acceptance_variable()\l# unregister_variable()\l&#45; bdd_dict()\l&#45; operator=()\l* is_registered_proposition()\l* is_registered_state()\l* is_registered_acceptance_variable()\l}" alt="" coords="306,497,578,1041">
<area shape="rect" href="$classspot_1_1bdd__allocator.html" title="Manage ranges of variables." alt="" coords="360,254,525,417">
<area shape="rect" href="$classspot_1_1free__list.html" title="Manage list of free integers." alt="" coords="370,9,514,201">
