<area shape="rect" href="$classspot_1_1tgba__explicit.html" title="{spot::tgba_explicit\n|# name_state_map_\l# state_name_map_\l# dict_\l# init_\l# all_acceptance_conditions_\l# neg_acceptance_conditions_\l# all_acceptance_conditions_computed_\l|+ tgba_explicit()\l+ set_init_state()\l+ create_transition()\l+ create_transition()\l+ add_condition()\l+ add_conditions()\l+ declare_acceptance_condition()\l+ copy_acceptance_conditions_of()\l+ has_acceptance_condition()\l+ add_acceptance_condition()\l+ add_acceptance_conditions()\l+ complement_all_acceptance_conditions()\l+ merge_transitions()\l+ add_state()\l+ ~tgba_explicit()\l+ get_init_state()\l+ succ_iter()\l+ get_dict()\l+ format_state()\l+ all_acceptance_conditions()\l+ neg_acceptance_conditions()\l# compute_support_conditions()\l# compute_support_variables()\l# get_acceptance_condition()\l&#45; tgba_explicit()\l&#45; operator=()\l}" alt="" coords="338,1296,648,1826">
<area shape="rect" href="$classspot_1_1tgba.html" title="A Transition&#45;based Generalized Büchi Automaton." alt="" coords="82,281,357,620">
<area shape="rect" href="$classspot_1_1tgba__reachable__iterator.html" title="Iterate over all reachable states of a spot::tgba." alt="" coords="58,840,274,1077">
<area shape="rect" href="$classspot_1_1state.html" title="Abstract class for states." alt="" coords="168,45,272,165">
<area shape="rect" href="$classspot_1_1bdd__dict.html" title="{spot::bdd_dict\n|+ now_map\l+ now_formula_map\l+ var_map\l+ var_formula_map\l+ acc_map\l+ acc_formula_map\l+ clone_counts\l+ next_to_now\l+ now_to_next\l# var_refs\l# free_anonymous_list_of\l|+ bdd_dict()\l+ ~bdd_dict()\l+ register_proposition()\l+ register_propositions()\l+ register_state()\l+ register_acceptance_variable()\l+ register_clone_acc()\l+ register_acceptance_variables()\l+ register_anonymous_variables()\l+ register_all_variables_of()\l+ unregister_all_my_variables()\l+ unregister_variable()\l+ dump()\l+ assert_emptiness()\l+ is_registered_proposition()\l+ is_registered_state()\l+ is_registered_acceptance_variable()\l# unregister_variable()\l&#45; bdd_dict()\l&#45; operator=()\l* is_registered_proposition()\l* is_registered_state()\l* is_registered_acceptance_variable()\l}" alt="" coords="357,686,629,1230">
<area shape="rect" href="$classspot_1_1bdd__allocator.html" title="Manage ranges of variables." alt="" coords="410,369,576,532">
<area shape="rect" href="$classspot_1_1free__list.html" title="Manage list of free integers." alt="" coords="421,9,565,201">
<area shape="rect" href="$classspot_1_1tgba__reachable__iterator__breadth__first.html" title="An implementation of spot::tgba_reachable_iterator that browses states breadth first..." alt="" coords="8,1509,314,1613">
<area shape="rect" href="$classspot_1_1numbered__state__heap.html" title="Keep track of a large quantity of indexed states." alt="" coords="672,1442,877,1680">
<area shape="rect" href="$classspot_1_1scc__stack.html" title="{spot::scc_stack\n|+ s\l|+ push()\l+ top()\l+ top()\l+ pop()\l+ size()\l+ rem()\l+ clear_rem()\l+ empty()\l}" alt="" coords="901,1472,1024,1650">
