<area shape="rect" href="$classspot_1_1bdd__allocator.html" title="Manage ranges of variables." alt="" coords="61,252,226,414">
<area shape="rect" href="$classspot_1_1bdd__dict_1_1anon__free__list.html" title="{spot::bdd_dict::anon_free_list\n|&#45; dict_\l|+ anon_free_list()\l+ extend()\l}" alt="" coords="250,288,466,378">
<area shape="rect" href="$classspot_1_1bdd__dict.html" title="{spot::bdd_dict\n|+ now_map\l+ now_formula_map\l+ var_map\l+ var_formula_map\l+ acc_map\l+ acc_formula_map\l+ clone_counts\l+ next_to_now\l+ now_to_next\l# var_refs\l# free_anonymous_list_of\l|+ bdd_dict()\l+ ~bdd_dict()\l+ register_proposition()\l+ register_propositions()\l+ register_state()\l+ register_acceptance_variable()\l+ register_clone_acc()\l+ register_acceptance_variables()\l+ register_anonymous_variables()\l+ register_all_variables_of()\l+ unregister_all_my_variables()\l+ unregister_variable()\l+ dump()\l+ assert_emptiness()\l+ is_registered_proposition()\l+ is_registered_state()\l+ is_registered_acceptance_variable()\l# unregister_variable()\l&#45; bdd_dict()\l&#45; operator=()\l* is_registered_proposition()\l* is_registered_state()\l* is_registered_acceptance_variable()\l}" alt="" coords="8,465,280,1009">
