<area shape="rect" href="$formula_8hh.html" title="ltlast/formula.hh" alt="" coords="1057,867,1188,891">
<area shape="rect" href="$ltl2tgba__fm_8hh.html" title="tgbaalgos/ltl2tgba_fm.hh" alt="" coords="192,694,378,718">
<area shape="rect" href="$hash_8hh.html" title="misc/hash.hh" alt="" coords="869,303,978,327">
<area shape="rect" href="$predecl_8hh.html" title="LTL formula interface." alt="" coords="1238,923,1329,947">
<area shape="rect" href="$tgbaexplicit_8hh.html" title="tgba/tgbaexplicit.hh" alt="" coords="426,543,581,567">
<area shape="rect" href="$apcollect_8hh.html" title="ltlvisit/apcollect.hh" alt="" coords="430,694,577,718">
<area shape="rect" href="$reduce_8hh.html" title="ltlvisit/reduce.hh" alt="" coords="858,1042,989,1066">
<area shape="rect" href="$tgba_8hh.html" title="tgba.hh" alt="" coords="674,543,746,567">
<area shape="rect" href="$hashfunc_8hh.html" title="hashfunc.hh" alt="" coords="1072,303,1173,327">
<area shape="rect" href="$state_8hh.html" title="state.hh" alt="" coords="1085,399,1160,423">
<area shape="rect" href="$succiter_8hh.html" title="succiter.hh" alt="" coords="877,394,970,418">
<area shape="rect" href="$bdddict_8hh.html" title="bdddict.hh" alt="" coords="878,594,969,618">
<area shape="rect" href="$bddalloc_8hh.html" title="misc/bddalloc.hh" alt="" coords="1056,157,1189,181">
<area shape="rect" href="$freelist_8hh.html" title="freelist.hh" alt="" coords="1240,58,1328,82">
<area shape="rect" href="$atomic__prop_8hh.html" title="ltlast/atomic_prop.hh" alt="" coords="630,719,790,743">
<area shape="rect" href="$refformula_8hh.html" title="LTL atomic propositions." alt="" coords="869,842,978,866">
<area shape="rect" href="$environment_8hh.html" title="LTL atomic propositions." alt="" coords="840,794,1008,818">
<area shape="rect" href="$visitor_8hh.html" title="ltlast/visitor.hh" alt="" coords="1064,978,1181,1002">
