<area shape="rect" href="$tgbaexplicit_8hh.html" title="tgba/tgbaexplicit.hh" alt="" coords="216,310,370,334">
<area shape="rect" href="$hash_8hh.html" title="misc/hash.hh" alt="" coords="538,150,648,174">
<area shape="rect" href="$tgba_8hh.html" title="tgba.hh" alt="" coords="418,273,490,297">
<area shape="rect" href="$formula_8hh.html" title="ltlast/formula.hh" alt="" coords="697,351,828,375">
<area shape="rect" href="$hashfunc_8hh.html" title="hashfunc.hh" alt="" coords="712,154,813,178">
<area shape="rect" href="$state_8hh.html" title="state.hh" alt="" coords="725,202,800,226">
<area shape="rect" href="$succiter_8hh.html" title="succiter.hh" alt="" coords="546,267,640,291">
<area shape="rect" href="$bdddict_8hh.html" title="bdddict.hh" alt="" coords="548,423,638,447">
<area shape="rect" href="$bddalloc_8hh.html" title="misc/bddalloc.hh" alt="" coords="696,399,829,423">
<area shape="rect" href="$predecl_8hh.html" title="LTL formula interface." alt="" coords="878,351,969,375">
<area shape="rect" href="$freelist_8hh.html" title="freelist.hh" alt="" coords="880,450,968,474">
