<area shape="rect" href="$atomic__prop_8hh.html" title="ltlast/atomic_prop.hh" alt="" coords="225,138,385,162">
<area shape="rect" href="$declenv_8hh.html" title="LTL atomic propositions." alt="" coords="445,44,578,68">
<area shape="rect" href="$rodeco_8hh.html" title="LTL atomic propositions." alt="" coords="448,188,576,212">
<area shape="rect" href="$defaultenv_8hh.html" title="ltlenv/defaultenv.hh" alt="" coords="229,261,381,285">
<area shape="rect" href="$allnodes_8hh.html" title="LTL atomic propositions." alt="" coords="445,92,578,116">
<area shape="rect" href="$apcollect_8hh.html" title="LTL atomic propositions." alt="" coords="438,140,585,164">
<area shape="rect" href="$gspn_8hh.html" title="gspn/gspn.hh" alt="" coords="684,8,793,32">
<area shape="rect" href="$ssp_8hh.html" title="gspn/ssp.hh" alt="" coords="689,56,788,80">
<area shape="rect" href="$ltl2tgba__fm_8hh.html" title="tgbaalgos/ltl2tgba_fm.hh" alt="" coords="645,128,832,152">
<area shape="rect" href="$randomltl_8hh.html" title="ltlvisit/randomltl.hh" alt="" coords="664,176,813,200">
<area shape="rect" href="$randomgraph_8hh.html" title="tgbaalgos/randomgraph.hh" alt="" coords="638,224,838,248">
<area shape="rect" href="$contain_8hh.html" title="ltlvisit/contain.hh" alt="" coords="888,128,1024,152">
<area shape="rect" href="$ltlparse_2public_8hh.html" title="ltlparse/public.hh" alt="" coords="444,286,580,310">
<area shape="rect" href="$tgbaparse_2public_8hh.html" title="tgbaparse/public.hh" alt="" coords="436,334,588,358">
