<area shape="rect" href="$bddalloc_8hh.html" title="misc/bddalloc.hh" alt="" coords="178,155,311,179">
<area shape="rect" href="$bdddict_8hh.html" title="tgba/bdddict.hh" alt="" coords="361,155,486,179">
<area shape="rect" href="$tgba_8hh.html" title="tgba/tgba.hh" alt="" coords="813,450,919,474">
<area shape="rect" href="$bddprint_8hh.html" title="tgba/bddprint.hh" alt="" coords="563,70,697,94">
<area shape="rect" href="$formula2bdd_8hh.html" title="tgba/formula2bdd.hh" alt="" coords="550,229,710,253">
<area shape="rect" href="$tgbabddcoredata_8hh.html" title="tgba/tgbabddcoredata.hh" alt="" coords="535,130,725,154">
<area shape="rect" href="$tgbaexplicit_8hh.html" title="tgba/tgbaexplicit.hh" alt="" coords="1047,354,1202,378">
<area shape="rect" href="$tgba_2public_8hh.html" title="tgba/public.hh" alt="" coords="1625,131,1742,155">
<area shape="rect" href="$tgbabddconcrete_8hh.html" title="tgba/tgbabddconcrete.hh" alt="" coords="1030,154,1219,178">
<area shape="rect" href="$tgbaproduct_8hh.html" title="tgba/tgbaproduct.hh" alt="" coords="1046,546,1203,570">
<area shape="rect" href="$tgbaalgos_2reachiter_8hh.html" title="tgbaalgos/reachiter.hh" alt="" coords="1041,306,1209,330">
<area shape="rect" href="$tgbatba_8hh.html" title="tgba/tgbatba.hh" alt="" coords="1061,594,1189,618">
<area shape="rect" href="$status_8hh.html" title="tgbaalgos/gtec/status.hh" alt="" coords="1033,693,1217,717">
<area shape="rect" href="$ssp_8hh.html" title="gspn/ssp.hh" alt="" coords="1634,693,1733,717">
<area shape="rect" href="$lbtt_8hh.html" title="tgbaalgos/lbtt.hh" alt="" coords="1058,741,1191,765">
<area shape="rect" href="$tgbaalgos_2save_8hh.html" title="tgbaalgos/save.hh" alt="" coords="1054,402,1195,426">
<area shape="rect" href="$stats_8hh.html" title="tgbaalgos/stats.hh" alt="" coords="1053,450,1197,474">
<area shape="rect" href="$gspn_8hh.html" title="gspn/gspn.hh" alt="" coords="1070,498,1179,522">
<area shape="rect" href="$ltl2tgba__fm_8hh.html" title="tgbaalgos/ltl2tgba_fm.hh" alt="" coords="1317,522,1503,546">
<area shape="rect" href="$tgbareduc_8hh.html" title="tgba/tgbareduc.hh" alt="" coords="1338,330,1482,354">
<area shape="rect" href="$dupexp_8hh.html" title="tgbaalgos/dupexp.hh" alt="" coords="1330,378,1490,402">
<area shape="rect" href="$powerset_8hh.html" title="tgbaalgos/powerset.hh" alt="" coords="1325,426,1495,450">
<area shape="rect" href="$tgbaparse_2public_8hh.html" title="tgbaparse/public.hh" alt="" coords="1334,474,1486,498">
<area shape="rect" href="$contain_8hh.html" title="ltlvisit/contain.hh" alt="" coords="1615,522,1751,546">
<area shape="rect" href="$reductgba__sim_8hh.html" title="tgbaalgos/reductgba_sim.hh" alt="" coords="1579,306,1787,330">
<area shape="rect" href="$tgbabddconcreteproduct_8hh.html" title="tgba/tgbabddconcreteproduct.hh" alt="" coords="1290,82,1530,106">
<area shape="rect" href="$ltl2tgba__lacim_8hh.html" title="tgbaalgos/ltl2tgba_lacim.hh" alt="" coords="1307,130,1513,154">
<area shape="rect" href="$neverclaim_8hh.html" title="tgbaalgos/neverclaim.hh" alt="" coords="1318,594,1502,618">
<area shape="rect" href="$ce_8hh.html" title="tgbaalgos/gtec/ce.hh" alt="" coords="1330,741,1490,765">
<area shape="rect" href="$gtec_8hh.html" title="tgbaalgos/gtec/gtec.hh" alt="" coords="1323,693,1497,717">
<area shape="rect" href="$tgbabddfactory_8hh.html" title="tgba/tgbabddfactory.hh" alt="" coords="778,106,954,130">
<area shape="rect" href="$succiterconcrete_8hh.html" title="tgba/succiterconcrete.hh" alt="" coords="773,154,959,178">
<area shape="rect" href="$tgbabddconcretefactory_8hh.html" title="tgba/tgbabddconcretefactory.hh" alt="" coords="1009,106,1241,130">
