<area shape="rect" href="$status_8hh.html" title="status.hh" alt="" coords="229,276,312,300">
<area shape="rect" href="$emptiness_8hh.html" title="tgbaalgos/emptiness.hh" alt="" coords="361,550,540,574">
<area shape="rect" href="$emptiness__stats_8hh.html" title="emptiness_stats.hh" alt="" coords="589,344,738,368">
<area shape="rect" href="$sccstack_8hh.html" title="sccstack.hh" alt="" coords="614,48,713,72">
<area shape="rect" href="$nsheap_8hh.html" title="nsheap.hh" alt="" coords="618,96,709,120">
<area shape="rect" href="$tgba_8hh.html" title="tgba/tgba.hh" alt="" coords="397,266,504,290">
<area shape="rect" href="$state_8hh.html" title="tgba/state.hh" alt="" coords="798,96,908,120">
<area shape="rect" href="$hash_8hh.html" title="misc/hash.hh" alt="" coords="798,293,908,317">
<area shape="rect" href="$hashfunc_8hh.html" title="hashfunc.hh" alt="" coords="969,202,1070,226">
<area shape="rect" href="$succiter_8hh.html" title="succiter.hh" alt="" coords="617,194,710,218">
<area shape="rect" href="$bdddict_8hh.html" title="bdddict.hh" alt="" coords="618,548,709,572">
<area shape="rect" href="$formula_8hh.html" title="ltlast/formula.hh" alt="" coords="788,392,918,416">
<area shape="rect" href="$bddalloc_8hh.html" title="misc/bddalloc.hh" alt="" coords="786,592,920,616">
<area shape="rect" href="$predecl_8hh.html" title="LTL formula interface." alt="" coords="974,442,1065,466">
<area shape="rect" href="$freelist_8hh.html" title="freelist.hh" alt="" coords="976,642,1064,666">
<area shape="rect" href="$optionmap_8hh.html" title="misc/optionmap.hh" alt="" coords="590,606,737,630">
<area shape="rect" href="$ltstr_8hh.html" title="misc/ltstr.hh" alt="" coords="802,245,904,269">
