<area shape="rect" href="$hash_8hh.html" title="misc/hash.hh" alt="" coords="194,277,303,301">
<area shape="rect" href="$explicit_8hh.html" title="evtgba/explicit.hh" alt="" coords="399,7,538,31">
<area shape="rect" href="$evtgbaalgos_2reachiter_8hh.html" title="evtgbaalgos/reachiter.hh" alt="" coords="377,55,561,79">
<area shape="rect" href="$tgbaexplicit_8hh.html" title="tgba/tgbaexplicit.hh" alt="" coords="391,251,546,275">
<area shape="rect" href="$contain_8hh.html" title="ltlvisit/contain.hh" alt="" coords="906,130,1042,154">
<area shape="rect" href="$tgbabddconcretefactory_8hh.html" title="tgba/tgbabddconcretefactory.hh" alt="" coords="353,445,585,469">
<area shape="rect" href="$tgbaalgos_2reachiter_8hh.html" title="tgbaalgos/reachiter.hh" alt="" coords="385,301,553,325">
<area shape="rect" href="$explscc_8hh.html" title="tgbaalgos/gtec/explscc.hh" alt="" coords="371,349,566,373">
<area shape="rect" href="$nsheap_8hh.html" title="tgbaalgos/gtec/nsheap.hh" alt="" coords="373,397,565,421">
<area shape="rect" href="$evtgbaparse_2public_8hh.html" title="evtgbaparse/public.hh" alt="" coords="643,7,811,31">
<area shape="rect" href="$ltl2tgba__fm_8hh.html" title="tgbaalgos/ltl2tgba_fm.hh" alt="" coords="634,154,821,178">
<area shape="rect" href="$tgbareduc_8hh.html" title="tgba/tgbareduc.hh" alt="" coords="655,397,799,421">
<area shape="rect" href="$dupexp_8hh.html" title="tgbaalgos/dupexp.hh" alt="" coords="647,202,807,226">
<area shape="rect" href="$powerset_8hh.html" title="tgbaalgos/powerset.hh" alt="" coords="642,250,813,274">
<area shape="rect" href="$tgbaparse_2public_8hh.html" title="tgbaparse/public.hh" alt="" coords="651,298,803,322">
<area shape="rect" href="$reductgba__sim_8hh.html" title="tgbaalgos/reductgba_sim.hh" alt="" coords="870,347,1078,371">
<area shape="rect" href="$status_8hh.html" title="tgbaalgos/gtec/status.hh" alt="" coords="635,445,819,469">
<area shape="rect" href="$ce_8hh.html" title="tgbaalgos/gtec/ce.hh" alt="" coords="894,421,1054,445">
<area shape="rect" href="$gtec_8hh.html" title="tgbaalgos/gtec/gtec.hh" alt="" coords="887,469,1061,493">
<area shape="rect" href="$ssp_8hh.html" title="gspn/ssp.hh" alt="" coords="1129,445,1227,469">
