<area shape="rect" href="$explicit_8hh.html" title="evtgba/explicit.hh" alt="" coords="213,7,352,31">
<area shape="rect" href="$evtgbaalgos_2reachiter_8hh.html" title="evtgbaalgos/reachiter.hh" alt="" coords="190,55,374,79">
<area shape="rect" href="$tgbaexplicit_8hh.html" title="tgba/tgbaexplicit.hh" alt="" coords="205,251,360,275">
<area shape="rect" href="$contain_8hh.html" title="ltlvisit/contain.hh" alt="" coords="720,130,856,154">
<area shape="rect" href="$tgbabddconcretefactory_8hh.html" title="tgba/tgbabddconcretefactory.hh" alt="" coords="166,445,398,469">
<area shape="rect" href="$tgbaalgos_2reachiter_8hh.html" title="tgbaalgos/reachiter.hh" alt="" coords="198,301,366,325">
<area shape="rect" href="$explscc_8hh.html" title="tgbaalgos/gtec/explscc.hh" alt="" coords="185,349,380,373">
<area shape="rect" href="$nsheap_8hh.html" title="tgbaalgos/gtec/nsheap.hh" alt="" coords="186,397,378,421">
<area shape="rect" href="$evtgbaparse_2public_8hh.html" title="evtgbaparse/public.hh" alt="" coords="457,7,625,31">
<area shape="rect" href="$ltl2tgba__fm_8hh.html" title="tgbaalgos/ltl2tgba_fm.hh" alt="" coords="448,154,634,178">
<area shape="rect" href="$tgbareduc_8hh.html" title="tgba/tgbareduc.hh" alt="" coords="469,397,613,421">
<area shape="rect" href="$dupexp_8hh.html" title="tgbaalgos/dupexp.hh" alt="" coords="461,202,621,226">
<area shape="rect" href="$powerset_8hh.html" title="tgbaalgos/powerset.hh" alt="" coords="456,250,626,274">
<area shape="rect" href="$tgbaparse_2public_8hh.html" title="tgbaparse/public.hh" alt="" coords="465,298,617,322">
<area shape="rect" href="$reductgba__sim_8hh.html" title="tgbaalgos/reductgba_sim.hh" alt="" coords="684,347,892,371">
<area shape="rect" href="$status_8hh.html" title="tgbaalgos/gtec/status.hh" alt="" coords="449,445,633,469">
<area shape="rect" href="$ce_8hh.html" title="tgbaalgos/gtec/ce.hh" alt="" coords="708,421,868,445">
<area shape="rect" href="$gtec_8hh.html" title="tgbaalgos/gtec/gtec.hh" alt="" coords="701,469,874,493">
<area shape="rect" href="$ssp_8hh.html" title="gspn/ssp.hh" alt="" coords="942,445,1041,469">
