<area shape="rect" href="$classspot_1_1tgba.html" title="A Transition&#45;based Generalized Büchi Automaton." alt="" coords="72,80,160,104">
<area shape="rect" href="$classspot_1_1tgba__bdd__concrete.html" title="A concrete spot::tgba implemented using BDDs." alt="" coords="333,104,517,128">
<area shape="rect" href="$classspot_1_1tgba__explicit.html" title="spot::tgba_explicit" alt="" coords="353,152,497,176">
<area shape="rect" href="$classspot_1_1tgba__product.html" title="A lazy product. (States are computed on the fly.)." alt="" coords="352,8,498,32">
<area shape="rect" href="$classspot_1_1tgba__tba__proxy.html" title="Degeneralize a spot::tgba on the fly, producing a TBA." alt="" coords="345,56,505,80">
<area shape="rect" href="$classspot_1_1tgba__reduc.html" title="spot::tgba_reduc" alt="" coords="653,152,786,176">
<area shape="rect" href="$classspot_1_1tgba__sba__proxy.html" title="Degeneralize a spot::tgba on the fly, producing an SBA." alt="" coords="638,56,801,80">
<area shape="rect" href="$classspot_1_1tgba__reachable__iterator.html" title="Iterate over all reachable states of a spot::tgba." alt="" coords="8,224,224,248">
<area shape="rect" href="$classspot_1_1tgba__reachable__iterator__breadth__first.html" title="An implementation of spot::tgba_reachable_iterator that browses states breadth first..." alt="" coords="272,200,578,224">
<area shape="rect" href="$classspot_1_1tgba__reachable__iterator__depth__first.html" title="An implementation of spot::tgba_reachable_iterator that browses states depth first..." alt="" coords="278,248,572,272">
<area shape="rect" href="$classspot_1_1parity__game__graph.html" title="Parity game graph which compute a simulation relation." alt="" coords="626,200,813,224">
<area shape="rect" href="$classspot_1_1parity__game__graph__delayed.html" title="spot::parity_game_graph_delayed" alt="" coords="861,176,1106,200">
<area shape="rect" href="$classspot_1_1parity__game__graph__direct.html" title="Parity game graph which compute the direct simulation relation." alt="" coords="869,224,1098,248">
