<area shape="rect" href="$classspot_1_1emptiness__check.html" title="Common interface to emptiness check algorithms." alt="" coords="244,8,414,32">
<area shape="rect" href="$classspot_1_1couvreur99__check.html" title="An implementation of the Couvreur99 emptiness&#45;check algorithm." alt="" coords="482,56,661,80">
<area shape="rect" href="$classspot_1_1couvreur99__check__shy.html" title="A version of spot::couvreur99_check that tries to visit known states first." alt="" coords="736,56,944,80">
<area shape="rect" href="$classspot_1_1emptiness__check__result.html" title="The result of an emptiness check." alt="" coords="464,152,680,176">
<area shape="rect" href="$classspot_1_1couvreur99__check__result.html" title="Compute a counter example from a spot::couvreur99_check_status." alt="" coords="728,128,952,152">
<area shape="rect" href="$structspot_1_1unsigned__statistics.html" title="spot::unsigned_statistics" alt="" coords="9,80,193,104">
<area shape="rect" href="$classspot_1_1ars__statistics.html" title="Accepting Run Search statistics." alt="" coords="257,104,401,128">
<area shape="rect" href="$classspot_1_1ec__statistics.html" title="Emptiness&#45;check statistics." alt="" coords="260,56,398,80">
<area shape="rect" href="$classspot_1_1acss__statistics.html" title="Accepting Cycle Search Space statistics." alt="" coords="496,104,648,128">
