<area shape="rect" href="$emptiness_8hh.html" title="tgbaalgos/emptiness.hh" alt="" coords="206,80,385,104">
<area shape="rect" href="$gv04_8hh.html" title="tgbaalgos/gv04.hh" alt="" coords="224,128,368,152">
<area shape="rect" href="$magic_8hh.html" title="tgbaalgos/magic.hh" alt="" coords="220,176,372,200">
<area shape="rect" href="$se05_8hh.html" title="tgbaalgos/se05.hh" alt="" coords="225,224,366,248">
<area shape="rect" href="$tau03_8hh.html" title="tgbaalgos/tau03.hh" alt="" coords="221,272,370,296">
<area shape="rect" href="$tau03opt_8hh.html" title="tgbaalgos/tau03opt.hh" alt="" coords="210,320,381,344">
<area shape="rect" href="$bfssteps_8hh.html" title="tgbaalgos/bfssteps.hh" alt="" coords="441,8,606,32">
<area shape="rect" href="$ce_8hh.html" title="tgbaalgos/gtec/ce.hh" alt="" coords="444,56,604,80">
<area shape="rect" href="$gtec_8hh.html" title="tgbaalgos/gtec/gtec.hh" alt="" coords="437,104,610,128">
<area shape="rect" href="$rundotdec_8hh.html" title="tgbaalgos/rundotdec.hh" alt="" coords="434,152,613,176">
<area shape="rect" href="$ssp_8hh.html" title="gspn/ssp.hh" alt="" coords="662,80,761,104">
