<area shape="rect" href="$tgbaexplicit_8hh.html" title="tgba/tgbaexplicit.hh" alt="" coords="229,310,383,334">
<area shape="rect" href="$hash_8hh.html" title="misc/hash.hh" alt="" coords="551,150,661,174">
<area shape="rect" href="$tgba_8hh.html" title="tgba.hh" alt="" coords="431,273,503,297">
<area shape="rect" href="$formula_8hh.html" title="ltlast/formula.hh" alt="" coords="710,351,841,375">
<area shape="rect" href="$hashfunc_8hh.html" title="hashfunc.hh" alt="" coords="725,154,826,178">
<area shape="rect" href="$state_8hh.html" title="state.hh" alt="" coords="738,202,813,226">
<area shape="rect" href="$succiter_8hh.html" title="succiter.hh" alt="" coords="559,267,653,291">
<area shape="rect" href="$bdddict_8hh.html" title="bdddict.hh" alt="" coords="561,423,651,447">
<area shape="rect" href="$bddalloc_8hh.html" title="misc/bddalloc.hh" alt="" coords="709,399,842,423">
<area shape="rect" href="$predecl_8hh.html" title="LTL formula interface." alt="" coords="891,351,982,375">
<area shape="rect" href="$freelist_8hh.html" title="freelist.hh" alt="" coords="893,450,981,474">
