<area shape="rect" href="$tgbareduc_8hh.html" title="tgba/tgbareduc.hh" alt="" coords="266,550,410,574">
<area shape="rect" href="$tgbaalgos_2reachiter_8hh.html" title="tgbaalgos/reachiter.hh" alt="" coords="459,676,627,700">
<area shape="rect" href="$tgbaexplicit_8hh.html" title="tgbaexplicit.hh" alt="" coords="483,501,603,525">
<area shape="rect" href="$explscc_8hh.html" title="tgbaalgos/gtec/explscc.hh" alt="" coords="677,552,871,576">
<area shape="rect" href="$nsheap_8hh.html" title="tgbaalgos/gtec/nsheap.hh" alt="" coords="678,601,870,625">
<area shape="rect" href="$hash_8hh.html" title="misc/hash.hh" alt="" coords="919,701,1029,725">
<area shape="rect" href="$tgba_8hh.html" title="tgba.hh" alt="" coords="738,502,810,526">
<area shape="rect" href="$formula_8hh.html" title="ltlast/formula.hh" alt="" coords="1078,402,1209,426">
<area shape="rect" href="$hashfunc_8hh.html" title="hashfunc.hh" alt="" coords="1093,797,1194,821">
<area shape="rect" href="$state_8hh.html" title="state.hh" alt="" coords="1106,602,1181,626">
<area shape="rect" href="$succiter_8hh.html" title="succiter.hh" alt="" coords="927,552,1021,576">
<area shape="rect" href="$bdddict_8hh.html" title="bdddict.hh" alt="" coords="929,354,1019,378">
<area shape="rect" href="$bddalloc_8hh.html" title="misc/bddalloc.hh" alt="" coords="1077,354,1210,378">
<area shape="rect" href="$predecl_8hh.html" title="LTL formula interface." alt="" coords="1259,402,1350,426">
<area shape="rect" href="$freelist_8hh.html" title="freelist.hh" alt="" coords="1261,354,1349,378">
<area shape="rect" href="$sccstack_8hh.html" title="sccstack.hh" alt="" coords="925,453,1023,477">
