<area shape="rect" href="$binop_8hh.html" title="Reference&#45;counted LTL formulae." alt="" coords="229,8,343,32">
<area shape="rect" href="$unop_8hh.html" title="Reference&#45;counted LTL formulae." alt="" coords="230,56,342,80">
<area shape="rect" href="$multop_8hh.html" title="Reference&#45;counted LTL formulae." alt="" coords="223,104,349,128">
<area shape="rect" href="$atomic__prop_8hh.html" title="Reference&#45;counted LTL formulae." alt="" coords="206,152,366,176">
<area shape="rect" href="$allnodes_8hh.html" title="LTL binary operators." alt="" coords="422,56,555,80">
<area shape="rect" href="$declenv_8hh.html" title="LTL atomic propositions." alt="" coords="422,104,555,128">
<area shape="rect" href="$rodeco_8hh.html" title="LTL atomic propositions." alt="" coords="425,152,553,176">
<area shape="rect" href="$apcollect_8hh.html" title="LTL atomic propositions." alt="" coords="415,200,562,224">
<area shape="rect" href="$gspn_8hh.html" title="gspn/gspn.hh" alt="" coords="657,56,766,80">
<area shape="rect" href="$ssp_8hh.html" title="gspn/ssp.hh" alt="" coords="662,104,761,128">
<area shape="rect" href="$ltl2tgba__fm_8hh.html" title="tgbaalgos/ltl2tgba_fm.hh" alt="" coords="618,152,805,176">
<area shape="rect" href="$randomltl_8hh.html" title="ltlvisit/randomltl.hh" alt="" coords="637,200,786,224">
<area shape="rect" href="$randomgraph_8hh.html" title="tgbaalgos/randomgraph.hh" alt="" coords="611,248,811,272">
<area shape="rect" href="$contain_8hh.html" title="ltlvisit/contain.hh" alt="" coords="861,152,997,176">
