<area shape="rect" href="$tgba_8hh.html" title="tgba/tgba.hh" alt="" coords="600,949,706,973">
<area shape="rect" href="$common_8hh.html" title="common.hh" alt="" coords="817,402,916,426">
<area shape="rect" href="$gtec_8hh.html" title="tgbaalgos/gtec/gtec.hh" alt="" coords="157,649,330,673">
<area shape="rect" href="$ce_8hh.html" title="tgbaalgos/gtec/ce.hh" alt="" coords="164,774,324,798">
<area shape="rect" href="$declenv_8hh.html" title="ltlenv/declenv.hh" alt="" coords="380,321,513,345">
<area shape="rect" href="$state_8hh.html" title="state.hh" alt="" coords="1018,862,1093,886">
<area shape="rect" href="$succiter_8hh.html" title="succiter.hh" alt="" coords="820,949,913,973">
<area shape="rect" href="$bdddict_8hh.html" title="bdddict.hh" alt="" coords="821,1098,912,1122">
<area shape="rect" href="$formula_8hh.html" title="ltlast/formula.hh" alt="" coords="990,256,1121,280">
<area shape="rect" href="$bddalloc_8hh.html" title="misc/bddalloc.hh" alt="" coords="989,1313,1122,1337">
<area shape="rect" href="$predecl_8hh.html" title="LTL formula interface." alt="" coords="1177,132,1268,156">
<area shape="rect" href="$freelist_8hh.html" title="freelist.hh" alt="" coords="1178,1337,1266,1361">
<area shape="rect" href="$status_8hh.html" title="status.hh" alt="" coords="405,849,488,873">
<area shape="rect" href="$emptiness_8hh.html" title="tgbaalgos/emptiness.hh" alt="" coords="564,749,742,773">
<area shape="rect" href="$emptiness__stats_8hh.html" title="emptiness_stats.hh" alt="" coords="792,752,941,776">
<area shape="rect" href="$sccstack_8hh.html" title="sccstack.hh" alt="" coords="817,1173,916,1197">
<area shape="rect" href="$nsheap_8hh.html" title="nsheap.hh" alt="" coords="821,850,912,874">
<area shape="rect" href="$hash_8hh.html" title="misc/hash.hh" alt="" coords="1001,717,1110,741">
<area shape="rect" href="$hashfunc_8hh.html" title="hashfunc.hh" alt="" coords="1172,621,1273,645">
<area shape="rect" href="$optionmap_8hh.html" title="misc/optionmap.hh" alt="" coords="793,552,940,576">
<area shape="rect" href="$ltstr_8hh.html" title="misc/ltstr.hh" alt="" coords="1005,765,1106,789">
<area shape="rect" href="$environment_8hh.html" title="environment.hh" alt="" coords="804,205,929,229">
<area shape="rect" href="$destroy_8hh.html" title="ltlvisit/destroy.hh" alt="" coords="586,130,720,154">
<area shape="rect" href="$atomic__prop_8hh.html" title="ltlast/atomic_prop.hh" alt="" coords="573,290,733,314">
<area shape="rect" href="$postfix_8hh.html" title="ltlvisit/postfix.hh" alt="" coords="801,106,932,130">
<area shape="rect" href="$visitor_8hh.html" title="ltlast/visitor.hh" alt="" coords="997,8,1114,32">
<area shape="rect" href="$refformula_8hh.html" title="LTL atomic propositions." alt="" coords="812,253,921,277">
