<area shape="rect" href="$sccstack_8hh.html" title="sccstack.hh" alt="" coords="397,394,495,418">
<area shape="rect" href="$nsheap_8hh.html" title="nsheap.hh" alt="" coords="401,246,491,270">
<area shape="rect" href="$tgba_8hh.html" title="tgba/tgba.hh" alt="" coords="242,345,349,369">
<area shape="rect" href="$state_8hh.html" title="tgba/state.hh" alt="" coords="555,296,665,320">
<area shape="rect" href="$hash_8hh.html" title="misc/hash.hh" alt="" coords="555,128,665,152">
<area shape="rect" href="$hashfunc_8hh.html" title="hashfunc.hh" alt="" coords="726,8,827,32">
<area shape="rect" href="$succiter_8hh.html" title="succiter.hh" alt="" coords="399,345,493,369">
<area shape="rect" href="$bdddict_8hh.html" title="bdddict.hh" alt="" coords="401,565,491,589">
<area shape="rect" href="$formula_8hh.html" title="ltlast/formula.hh" alt="" coords="545,344,675,368">
<area shape="rect" href="$bddalloc_8hh.html" title="misc/bddalloc.hh" alt="" coords="543,690,677,714">
<area shape="rect" href="$predecl_8hh.html" title="LTL formula interface." alt="" coords="731,346,822,370">
<area shape="rect" href="$freelist_8hh.html" title="freelist.hh" alt="" coords="733,740,821,764">
