<area shape="rect" href="$evtgba_8hh.html" title="evtgba/evtgba.hh" alt="" coords="444,152,582,176">
<area shape="rect" href="$evtgbaiter_8hh.html" title="evtgba/evtgbaiter.hh" alt="" coords="188,253,345,277">
<area shape="rect" href="$tgba_8hh.html" title="tgba/tgba.hh" alt="" coords="460,537,566,561">
<area shape="rect" href="$succiter_8hh.html" title="tgba/succiter.hh" alt="" coords="202,537,330,561">
<area shape="rect" href="$statebdd_8hh.html" title="tgba/statebdd.hh" alt="" coords="200,338,333,362">
<area shape="rect" href="$explscc_8hh.html" title="tgbaalgos/gtec/explscc.hh" alt="" coords="416,685,610,709">
<area shape="rect" href="$sccstack_8hh.html" title="tgbaalgos/gtec/sccstack.hh" alt="" coords="166,686,366,710">
<area shape="rect" href="$nsheap_8hh.html" title="tgbaalgos/gtec/nsheap.hh" alt="" coords="417,784,609,808">
<area shape="rect" href="$bfssteps_8hh.html" title="tgbaalgos/bfssteps.hh" alt="" coords="430,857,596,881">
<area shape="rect" href="$emptiness_8hh.html" title="tgbaalgos/emptiness.hh" alt="" coords="177,932,356,956">
<area shape="rect" href="$explicit_8hh.html" title="evtgba/explicit.hh" alt="" coords="684,152,822,176">
<area shape="rect" href="$product_8hh.html" title="evtgba/product.hh" alt="" coords="682,200,824,224">
<area shape="rect" href="$evtgbaalgos_2dotty_8hh.html" title="evtgbaalgos/dotty.hh" alt="" coords="673,8,833,32">
<area shape="rect" href="$evtgbaalgos_2reachiter_8hh.html" title="evtgbaalgos/reachiter.hh" alt="" coords="661,56,845,80">
<area shape="rect" href="$evtgbaalgos_2save_8hh.html" title="evtgbaalgos/save.hh" alt="" coords="674,104,832,128">
<area shape="rect" href="$evtgbaparse_2public_8hh.html" title="evtgbaparse/public.hh" alt="" coords="932,149,1100,173">
<area shape="rect" href="$tgbaexplicit_8hh.html" title="tgba/tgbaexplicit.hh" alt="" coords="676,394,830,418">
<area shape="rect" href="$tgba_2public_8hh.html" title="tgba/public.hh" alt="" coords="1230,248,1348,272">
<area shape="rect" href="$tgbabddconcrete_8hh.html" title="tgba/tgbabddconcrete.hh" alt="" coords="658,296,848,320">
<area shape="rect" href="$tgbaproduct_8hh.html" title="tgba/tgbaproduct.hh" alt="" coords="674,248,832,272">
<area shape="rect" href="$tgbaalgos_2reachiter_8hh.html" title="tgbaalgos/reachiter.hh" alt="" coords="669,682,837,706">
<area shape="rect" href="$tgbatba_8hh.html" title="tgba/tgbatba.hh" alt="" coords="689,442,817,466">
<area shape="rect" href="$status_8hh.html" title="tgbaalgos/gtec/status.hh" alt="" coords="661,882,845,906">
<area shape="rect" href="$ssp_8hh.html" title="gspn/ssp.hh" alt="" coords="1240,882,1338,906">
<area shape="rect" href="$lbtt_8hh.html" title="tgbaalgos/lbtt.hh" alt="" coords="686,490,820,514">
<area shape="rect" href="$tgbaalgos_2save_8hh.html" title="tgbaalgos/save.hh" alt="" coords="682,538,824,562">
<area shape="rect" href="$stats_8hh.html" title="tgbaalgos/stats.hh" alt="" coords="681,586,825,610">
<area shape="rect" href="$gspn_8hh.html" title="gspn/gspn.hh" alt="" coords="698,634,808,658">
<area shape="rect" href="$ltl2tgba__fm_8hh.html" title="tgbaalgos/ltl2tgba_fm.hh" alt="" coords="922,538,1109,562">
<area shape="rect" href="$tgbareduc_8hh.html" title="tgba/tgbareduc.hh" alt="" coords="944,732,1088,756">
<area shape="rect" href="$dupexp_8hh.html" title="tgbaalgos/dupexp.hh" alt="" coords="936,490,1096,514">
<area shape="rect" href="$powerset_8hh.html" title="tgbaalgos/powerset.hh" alt="" coords="930,394,1101,418">
<area shape="rect" href="$tgbaparse_2public_8hh.html" title="tgbaparse/public.hh" alt="" coords="940,442,1092,466">
<area shape="rect" href="$contain_8hh.html" title="ltlvisit/contain.hh" alt="" coords="1221,538,1357,562">
<area shape="rect" href="$reductgba__sim_8hh.html" title="tgbaalgos/reductgba_sim.hh" alt="" coords="1185,708,1393,732">
<area shape="rect" href="$tgbabddconcreteproduct_8hh.html" title="tgba/tgbabddconcreteproduct.hh" alt="" coords="896,248,1136,272">
<area shape="rect" href="$ltl2tgba__lacim_8hh.html" title="tgbaalgos/ltl2tgba_lacim.hh" alt="" coords="913,296,1118,320">
<area shape="rect" href="$neverclaim_8hh.html" title="tgbaalgos/neverclaim.hh" alt="" coords="924,586,1108,610">
<area shape="rect" href="$ce_8hh.html" title="tgbaalgos/gtec/ce.hh" alt="" coords="936,882,1096,906">
<area shape="rect" href="$gtec_8hh.html" title="tgbaalgos/gtec/gtec.hh" alt="" coords="929,930,1102,954">
<area shape="rect" href="$succiterconcrete_8hh.html" title="tgba/succiterconcrete.hh" alt="" coords="420,348,606,372">
<area shape="rect" href="$rundotdec_8hh.html" title="tgbaalgos/rundotdec.hh" alt="" coords="424,1032,602,1056">
