<area shape="rect" href="$tgba_8hh.html" title="tgba/tgba.hh" alt="" coords="224,453,330,477">
<area shape="rect" href="$succiterconcrete_8hh.html" title="tgba/succiterconcrete.hh" alt="" coords="184,259,370,283">
<area shape="rect" href="$tgbaexplicit_8hh.html" title="tgba/tgbaexplicit.hh" alt="" coords="436,307,590,331">
<area shape="rect" href="$tgba_2public_8hh.html" title="tgba/public.hh" alt="" coords="990,113,1108,137">
<area shape="rect" href="$tgbabddconcrete_8hh.html" title="tgba/tgbabddconcrete.hh" alt="" coords="418,113,608,137">
<area shape="rect" href="$tgbaproduct_8hh.html" title="tgba/tgbaproduct.hh" alt="" coords="434,405,592,429">
<area shape="rect" href="$tgbaalgos_2reachiter_8hh.html" title="tgbaalgos/reachiter.hh" alt="" coords="429,453,597,477">
<area shape="rect" href="$tgbatba_8hh.html" title="tgba/tgbatba.hh" alt="" coords="449,501,577,525">
<area shape="rect" href="$status_8hh.html" title="tgbaalgos/gtec/status.hh" alt="" coords="421,550,605,574">
<area shape="rect" href="$ssp_8hh.html" title="gspn/ssp.hh" alt="" coords="1000,598,1098,622">
<area shape="rect" href="$lbtt_8hh.html" title="tgbaalgos/lbtt.hh" alt="" coords="446,673,580,697">
<area shape="rect" href="$tgbaalgos_2save_8hh.html" title="tgbaalgos/save.hh" alt="" coords="442,721,584,745">
<area shape="rect" href="$stats_8hh.html" title="tgbaalgos/stats.hh" alt="" coords="441,769,585,793">
<area shape="rect" href="$gspn_8hh.html" title="gspn/gspn.hh" alt="" coords="458,357,568,381">
<area shape="rect" href="$ltl2tgba__fm_8hh.html" title="tgbaalgos/ltl2tgba_fm.hh" alt="" coords="682,355,869,379">
<area shape="rect" href="$tgbareduc_8hh.html" title="tgba/tgbareduc.hh" alt="" coords="704,403,848,427">
<area shape="rect" href="$dupexp_8hh.html" title="tgbaalgos/dupexp.hh" alt="" coords="696,211,856,235">
<area shape="rect" href="$powerset_8hh.html" title="tgbaalgos/powerset.hh" alt="" coords="690,259,861,283">
<area shape="rect" href="$tgbaparse_2public_8hh.html" title="tgbaparse/public.hh" alt="" coords="700,307,852,331">
<area shape="rect" href="$contain_8hh.html" title="ltlvisit/contain.hh" alt="" coords="981,355,1117,379">
<area shape="rect" href="$reductgba__sim_8hh.html" title="tgbaalgos/reductgba_sim.hh" alt="" coords="945,429,1153,453">
<area shape="rect" href="$tgbabddconcreteproduct_8hh.html" title="tgba/tgbabddconcreteproduct.hh" alt="" coords="656,113,896,137">
<area shape="rect" href="$ltl2tgba__lacim_8hh.html" title="tgbaalgos/ltl2tgba_lacim.hh" alt="" coords="673,65,878,89">
<area shape="rect" href="$neverclaim_8hh.html" title="tgbaalgos/neverclaim.hh" alt="" coords="684,502,868,526">
<area shape="rect" href="$ce_8hh.html" title="tgbaalgos/gtec/ce.hh" alt="" coords="696,598,856,622">
<area shape="rect" href="$gtec_8hh.html" title="tgbaalgos/gtec/gtec.hh" alt="" coords="689,550,862,574">
