<area shape="rect" href="$tgba_8hh.html" title="tgba.hh" alt="" coords="669,105,741,129">
<area shape="rect" href="$tgbabddconcrete_8hh.html" title="tgbabddconcrete.hh" alt="" coords="426,198,581,222">
<area shape="rect" href="$tgbabddconcreteproduct_8hh.html" title="tgbabddconcreteproduct.hh" alt="" coords="173,241,378,265">
<area shape="rect" href="$bddprint_8hh.html" title="bddprint.hh" alt="" coords="857,304,955,328">
<area shape="rect" href="$state_8hh.html" title="state.hh" alt="" coords="1041,104,1115,128">
<area shape="rect" href="$succiter_8hh.html" title="succiter.hh" alt="" coords="859,105,953,129">
<area shape="rect" href="$bdddict_8hh.html" title="bdddict.hh" alt="" coords="1033,304,1123,328">
<area shape="rect" href="$formula_8hh.html" title="ltlast/formula.hh" alt="" coords="1174,349,1305,373">
<area shape="rect" href="$bddalloc_8hh.html" title="misc/bddalloc.hh" alt="" coords="1173,496,1306,520">
<area shape="rect" href="$predecl_8hh.html" title="LTL formula interface." alt="" coords="1355,349,1446,373">
<area shape="rect" href="$freelist_8hh.html" title="freelist.hh" alt="" coords="1357,496,1445,520">
<area shape="rect" href="$statebdd_8hh.html" title="statebdd.hh" alt="" coords="857,204,955,228">
<area shape="rect" href="$tgbabddfactory_8hh.html" title="tgbabddfactory.hh" alt="" coords="634,252,775,276">
<area shape="rect" href="$succiterconcrete_8hh.html" title="succiterconcrete.hh" alt="" coords="629,204,781,228">
<area shape="rect" href="$tgbabddcoredata_8hh.html" title="tgbabddcoredata.hh" alt="" coords="829,252,983,276">
