<area shape="rect" href="$tgbabddconcrete_8hh.html" title="tgbabddconcrete.hh" alt="" coords="296,157,450,181">
<area shape="rect" href="$tgba_8hh.html" title="tgba.hh" alt="" coords="538,82,610,106">
<area shape="rect" href="$statebdd_8hh.html" title="statebdd.hh" alt="" coords="726,181,825,205">
<area shape="rect" href="$tgbabddfactory_8hh.html" title="tgbabddfactory.hh" alt="" coords="504,229,645,253">
<area shape="rect" href="$succiterconcrete_8hh.html" title="succiterconcrete.hh" alt="" coords="498,181,650,205">
<area shape="rect" href="$state_8hh.html" title="state.hh" alt="" coords="910,82,985,106">
<area shape="rect" href="$succiter_8hh.html" title="succiter.hh" alt="" coords="729,82,822,106">
<area shape="rect" href="$bdddict_8hh.html" title="bdddict.hh" alt="" coords="902,254,993,278">
<area shape="rect" href="$formula_8hh.html" title="ltlast/formula.hh" alt="" coords="1044,397,1174,421">
<area shape="rect" href="$bddalloc_8hh.html" title="misc/bddalloc.hh" alt="" coords="1042,470,1176,494">
<area shape="rect" href="$predecl_8hh.html" title="LTL formula interface." alt="" coords="1225,383,1316,407">
<area shape="rect" href="$freelist_8hh.html" title="freelist.hh" alt="" coords="1226,482,1314,506">
<area shape="rect" href="$tgbabddcoredata_8hh.html" title="tgbabddcoredata.hh" alt="" coords="698,229,853,253">
