<area shape="rect" href="$tgba_8hh.html" title="tgba.hh" alt="" coords="285,82,357,106">
<area shape="rect" href="$statebdd_8hh.html" title="statebdd.hh" alt="" coords="473,181,571,205">
<area shape="rect" href="$tgbabddfactory_8hh.html" title="tgbabddfactory.hh" alt="" coords="250,229,391,253">
<area shape="rect" href="$succiterconcrete_8hh.html" title="succiterconcrete.hh" alt="" coords="245,181,397,205">
<area shape="rect" href="$state_8hh.html" title="state.hh" alt="" coords="657,82,731,106">
<area shape="rect" href="$succiter_8hh.html" title="succiter.hh" alt="" coords="475,82,569,106">
<area shape="rect" href="$bdddict_8hh.html" title="bdddict.hh" alt="" coords="649,254,739,278">
<area shape="rect" href="$formula_8hh.html" title="ltlast/formula.hh" alt="" coords="790,397,921,421">
<area shape="rect" href="$bddalloc_8hh.html" title="misc/bddalloc.hh" alt="" coords="789,470,922,494">
<area shape="rect" href="$predecl_8hh.html" title="LTL formula interface." alt="" coords="971,383,1062,407">
<area shape="rect" href="$freelist_8hh.html" title="freelist.hh" alt="" coords="973,482,1061,506">
<area shape="rect" href="$tgbabddcoredata_8hh.html" title="tgbabddcoredata.hh" alt="" coords="445,229,599,253">
