<area shape="rect" href="$tgbaexplicit_8hh.html" title="tgba/tgbaexplicit.hh" alt="" coords="215,446,370,470">
<area shape="rect" href="$defaultenv_8hh.html" title="ltlenv/defaultenv.hh" alt="" coords="217,322,369,346">
<area shape="rect" href="$hash_8hh.html" title="misc/hash.hh" alt="" coords="553,352,662,376">
<area shape="rect" href="$tgba_8hh.html" title="tgba.hh" alt="" coords="423,484,495,508">
<area shape="rect" href="$formula_8hh.html" title="ltlast/formula.hh" alt="" coords="721,306,851,330">
<area shape="rect" href="$hashfunc_8hh.html" title="hashfunc.hh" alt="" coords="735,405,837,429">
<area shape="rect" href="$state_8hh.html" title="state.hh" alt="" coords="749,453,823,477">
<area shape="rect" href="$succiter_8hh.html" title="succiter.hh" alt="" coords="561,453,654,477">
<area shape="rect" href="$bdddict_8hh.html" title="bdddict.hh" alt="" coords="562,576,653,600">
<area shape="rect" href="$bddalloc_8hh.html" title="misc/bddalloc.hh" alt="" coords="719,698,853,722">
<area shape="rect" href="$predecl_8hh.html" title="LTL formula interface." alt="" coords="902,306,993,330">
<area shape="rect" href="$freelist_8hh.html" title="freelist.hh" alt="" coords="903,696,991,720">
<area shape="rect" href="$environment_8hh.html" title="environment.hh" alt="" coords="545,302,670,326">
