<area shape="rect" href="$tgbaexplicit_8hh.html" title="tgba/tgbaexplicit.hh" alt="" coords="180,178,334,202">
<area shape="rect" href="$tgba_2public_8hh.html" title="tgba/public.hh" alt="" coords="734,349,852,373">
<area shape="rect" href="$tgbabddconcrete_8hh.html" title="tgba/tgbabddconcrete.hh" alt="" coords="162,398,352,422">
<area shape="rect" href="$tgbaproduct_8hh.html" title="tgba/tgbaproduct.hh" alt="" coords="178,448,336,472">
<area shape="rect" href="$tgbaalgos_2reachiter_8hh.html" title="tgbaalgos/reachiter.hh" alt="" coords="173,58,341,82">
<area shape="rect" href="$tgbatba_8hh.html" title="tgba/tgbatba.hh" alt="" coords="193,496,321,520">
<area shape="rect" href="$status_8hh.html" title="tgbaalgos/gtec/status.hh" alt="" coords="165,594,349,618">
<area shape="rect" href="$ssp_8hh.html" title="gspn/ssp.hh" alt="" coords="744,594,842,618">
<area shape="rect" href="$lbtt_8hh.html" title="tgbaalgos/lbtt.hh" alt="" coords="190,642,324,666">
<area shape="rect" href="$tgbaalgos_2save_8hh.html" title="tgbaalgos/save.hh" alt="" coords="186,690,328,714">
<area shape="rect" href="$stats_8hh.html" title="tgbaalgos/stats.hh" alt="" coords="185,738,329,762">
<area shape="rect" href="$gspn_8hh.html" title="gspn/gspn.hh" alt="" coords="202,786,312,810">
<area shape="rect" href="$ltl2tgba__fm_8hh.html" title="tgbaalgos/ltl2tgba_fm.hh" alt="" coords="426,106,613,130">
<area shape="rect" href="$tgbareduc_8hh.html" title="tgba/tgbareduc.hh" alt="" coords="448,58,592,82">
<area shape="rect" href="$dupexp_8hh.html" title="tgbaalgos/dupexp.hh" alt="" coords="440,250,600,274">
<area shape="rect" href="$powerset_8hh.html" title="tgbaalgos/powerset.hh" alt="" coords="434,154,605,178">
<area shape="rect" href="$tgbaparse_2public_8hh.html" title="tgbaparse/public.hh" alt="" coords="444,202,596,226">
<area shape="rect" href="$contain_8hh.html" title="ltlvisit/contain.hh" alt="" coords="725,106,861,130">
<area shape="rect" href="$reductgba__sim_8hh.html" title="tgbaalgos/reductgba_sim.hh" alt="" coords="689,34,897,58">
<area shape="rect" href="$tgbabddconcreteproduct_8hh.html" title="tgba/tgbabddconcreteproduct.hh" alt="" coords="400,349,640,373">
<area shape="rect" href="$ltl2tgba__lacim_8hh.html" title="tgbaalgos/ltl2tgba_lacim.hh" alt="" coords="417,397,622,421">
<area shape="rect" href="$neverclaim_8hh.html" title="tgbaalgos/neverclaim.hh" alt="" coords="428,496,612,520">
<area shape="rect" href="$ce_8hh.html" title="tgbaalgos/gtec/ce.hh" alt="" coords="440,594,600,618">
<area shape="rect" href="$gtec_8hh.html" title="tgbaalgos/gtec/gtec.hh" alt="" coords="433,642,606,666">
