<area shape="rect" href="$postfix_8hh.html" title="LTL visitor interface." alt="" coords="186,104,317,128">
<area shape="rect" href="$clone_8hh.html" title="LTL visitor interface." alt="" coords="190,164,313,188">
<area shape="rect" href="$reduce_8hh.html" title="LTL visitor interface." alt="" coords="186,212,317,236">
<area shape="rect" href="$nenoform_8hh.html" title="LTL visitor interface." alt="" coords="177,260,326,284">
<area shape="rect" href="$destroy_8hh.html" title="ltlvisit/destroy.hh" alt="" coords="402,80,535,104">
<area shape="rect" href="$declenv_8hh.html" title="ltlenv/declenv.hh" alt="" coords="621,32,754,56">
<area shape="rect" href="$rodeco_8hh.html" title="ltlenv/rodeco.hh" alt="" coords="623,80,751,104">
<area shape="rect" href="$gspn_8hh.html" title="gspn/gspn.hh" alt="" coords="814,8,923,32">
<area shape="rect" href="$ssp_8hh.html" title="gspn/ssp.hh" alt="" coords="819,56,918,80">
<area shape="rect" href="$lunabbrev_8hh.html" title="ltlvisit/lunabbrev.hh" alt="" coords="393,128,545,152">
<area shape="rect" href="$simpfg_8hh.html" title="ltlvisit/simpfg.hh" alt="" coords="403,176,534,200">
<area shape="rect" href="$tunabbrev_8hh.html" title="ltlvisit/tunabbrev.hh" alt="" coords="611,128,763,152">
<area shape="rect" href="$ltl2tgba__fm_8hh.html" title="tgbaalgos/ltl2tgba_fm.hh" alt="" coords="375,224,562,248">
<area shape="rect" href="$contain_8hh.html" title="ltlvisit/contain.hh" alt="" coords="619,224,755,248">
